{
  "errors": [],
  "generated_at": "2021-0-12T08:59:59Z",
  "metrics": {
    "_totals": {
      "CONFIDENCE.HIGH": 1.0,
      "CONFIDENCE.LOW": 0.0,
      "CONFIDENCE.MEDIUM": 0.0,
      "CONFIDENCE.UNDEFINED": 0.0,
      "SEVERITY.HIGH": 0.0,
      "SEVERITY.LOW": 1.0,
      "SEVERITY.MEDIUM": 0.0,
      "SEVERITY.UNDEFINED": 0.0,
      "loc": 1375,
      "nosec": 0
    },
    "sec_manager/__init__.py": {
      "CONFIDENCE.HIGH": 0.0,
      "CONFIDENCE.LOW": 0.0,
      "CONFIDENCE.MEDIUM": 0.0,
      "CONFIDENCE.UNDEFINED": 0.0,
      "SEVERITY.HIGH": 0.0,
      "SEVERITY.LOW": 0.0,
      "SEVERITY.MEDIUM": 0.0,
      "SEVERITY.UNDEFINED": 0.0,
      "loc": 6,
      "nosec": 0
    },
    "sec_manager/__version__.py": {
      "CONFIDENCE.HIGH": 0.0,
      "CONFIDENCE.LOW": 0.0,
      "CONFIDENCE.MEDIUM": 0.0,
      "CONFIDENCE.UNDEFINED": 0.0,
      "SEVERITY.HIGH": 0.0,
      "SEVERITY.LOW": 0.0,
      "SEVERITY.MEDIUM": 0.0,
      "SEVERITY.UNDEFINED": 0.0,
      "loc": 6,
      "nosec": 0
    },
    "sec_manager/migrations_spinner.py": {
      "CONFIDENCE.HIGH": 0.0,
      "CONFIDENCE.LOW": 0.0,
      "CONFIDENCE.MEDIUM": 0.0,
      "CONFIDENCE.UNDEFINED": 0.0,
      "SEVERITY.HIGH": 0.0,
      "SEVERITY.LOW": 0.0,
      "SEVERITY.MEDIUM": 0.0,
      "SEVERITY.UNDEFINED": 0.0,
      "loc": 2,
      "nosec": 0
    },
    "sec_manager/pods_cleaner.py": {
      "CONFIDENCE.HIGH": 0.0,
      "CONFIDENCE.LOW": 0.0,
      "CONFIDENCE.MEDIUM": 0.0,
      "CONFIDENCE.UNDEFINED": 0.0,
      "SEVERITY.HIGH": 0.0,
      "SEVERITY.LOW": 0.0,
      "SEVERITY.MEDIUM": 0.0,
      "SEVERITY.UNDEFINED": 0.0,
      "loc": 108,
      "nosec": 0
    },
    "sec_manager/security.py": {
      "CONFIDENCE.HIGH": 0.0,
      "CONFIDENCE.LOW": 0.0,
      "CONFIDENCE.MEDIUM": 0.0,
      "CONFIDENCE.UNDEFINED": 0.0,
      "SEVERITY.HIGH": 0.0,
      "SEVERITY.LOW": 0.0,
      "SEVERITY.MEDIUM": 0.0,
      "SEVERITY.UNDEFINED": 0.0,
      "loc": 5,
      "nosec": 0
    },
    "sec_manager/user_backend.py": {
      "CONFIDENCE.HIGH": 0.0,
      "CONFIDENCE.LOW": 0.0,
      "CONFIDENCE.MEDIUM": 0.0,
      "CONFIDENCE.UNDEFINED": 0.0,
      "SEVERITY.HIGH": 0.0,
      "SEVERITY.LOW": 0.0,
      "SEVERITY.MEDIUM": 0.0,
      "SEVERITY.UNDEFINED": 0.0,
      "loc": 2,
      "nosec": 0
    },
  },
  "results": [
    {
      "code": "369         try:\n370             if self.sampling_rate and random.random() <= float(self.sampling_rate):\n371                 logger.debug(\"Setting log level to Debug due to sampling rate\")\n",
      "filename": "sec_manager/security.py",
      "issue_confidence": "HIGH",
      "issue_severity": "LOW",
      "issue_text": "Standard pseudo-random generators are not suitable for security/cryptographic purposes.",
      "line_number": 370,
      "line_range": [
        370
      ],
      "more_info": "https://bandit.readthedocs.io/en/latest/blacklists/blacklist_calls.html#b311-random",
      "test_id": "B311",
      "test_name": "blacklist"
    }
  ]
}
